// Jest Snapshot v1, https://goo.gl/fbAQLP

exports[`UpToTop tests UpToTop is render 1`] = `<DocumentFragment />`;
